Archive member included to satisfy reference by file (symbol)

/home/chinmayee/.local/xPacks/@xpack-dev-tools/arm-none-eabi-gcc/11.2.1-1.2.2/.content/bin/../lib/gcc/arm-none-eabi/11.2.1/../../../../arm-none-eabi/lib/thumb/v7e-m/nofp/libg_nano.a(lib_a-errno.o)
                              ./system/src/newlib/_sbrk.o (__errno)
/home/chinmayee/.local/xPacks/@xpack-dev-tools/arm-none-eabi-gcc/11.2.1-1.2.2/.content/bin/../lib/gcc/arm-none-eabi/11.2.1/../../../../arm-none-eabi/lib/thumb/v7e-m/nofp/libg_nano.a(lib_a-impure.o)
                              /home/chinmayee/.local/xPacks/@xpack-dev-tools/arm-none-eabi-gcc/11.2.1-1.2.2/.content/bin/../lib/gcc/arm-none-eabi/11.2.1/../../../../arm-none-eabi/lib/thumb/v7e-m/nofp/libg_nano.a(lib_a-errno.o) (_impure_ptr)
/home/chinmayee/.local/xPacks/@xpack-dev-tools/arm-none-eabi-gcc/11.2.1-1.2.2/.content/bin/../lib/gcc/arm-none-eabi/11.2.1/../../../../arm-none-eabi/lib/thumb/v7e-m/nofp/libg_nano.a(lib_a-strlen.o)
                              ./system/src/diag/Trace.o (strlen)
/home/chinmayee/.local/xPacks/@xpack-dev-tools/arm-none-eabi-gcc/11.2.1-1.2.2/.content/bin/../lib/gcc/arm-none-eabi/11.2.1/../../../../arm-none-eabi/lib/thumb/v7e-m/nofp/libg_nano.a(lib_a-vsnprintf.o)
                              ./system/src/diag/Trace.o (vsnprintf)
/home/chinmayee/.local/xPacks/@xpack-dev-tools/arm-none-eabi-gcc/11.2.1-1.2.2/.content/bin/../lib/gcc/arm-none-eabi/11.2.1/../../../../arm-none-eabi/lib/thumb/v7e-m/nofp/libg_nano.a(lib_a-nano-svfprintf.o)
                              /home/chinmayee/.local/xPacks/@xpack-dev-tools/arm-none-eabi-gcc/11.2.1-1.2.2/.content/bin/../lib/gcc/arm-none-eabi/11.2.1/../../../../arm-none-eabi/lib/thumb/v7e-m/nofp/libg_nano.a(lib_a-vsnprintf.o) (_svfprintf_r)
/home/chinmayee/.local/xPacks/@xpack-dev-tools/arm-none-eabi-gcc/11.2.1-1.2.2/.content/bin/../lib/gcc/arm-none-eabi/11.2.1/../../../../arm-none-eabi/lib/thumb/v7e-m/nofp/libg_nano.a(lib_a-nano-vfprintf_i.o)
                              /home/chinmayee/.local/xPacks/@xpack-dev-tools/arm-none-eabi-gcc/11.2.1-1.2.2/.content/bin/../lib/gcc/arm-none-eabi/11.2.1/../../../../arm-none-eabi/lib/thumb/v7e-m/nofp/libg_nano.a(lib_a-nano-svfprintf.o) (_printf_i)
/home/chinmayee/.local/xPacks/@xpack-dev-tools/arm-none-eabi-gcc/11.2.1-1.2.2/.content/bin/../lib/gcc/arm-none-eabi/11.2.1/../../../../arm-none-eabi/lib/thumb/v7e-m/nofp/libg_nano.a(lib_a-memchr.o)
                              /home/chinmayee/.local/xPacks/@xpack-dev-tools/arm-none-eabi-gcc/11.2.1-1.2.2/.content/bin/../lib/gcc/arm-none-eabi/11.2.1/../../../../arm-none-eabi/lib/thumb/v7e-m/nofp/libg_nano.a(lib_a-nano-svfprintf.o) (memchr)
/home/chinmayee/.local/xPacks/@xpack-dev-tools/arm-none-eabi-gcc/11.2.1-1.2.2/.content/bin/../lib/gcc/arm-none-eabi/11.2.1/../../../../arm-none-eabi/lib/thumb/v7e-m/nofp/libg_nano.a(lib_a-memcpy-stub.o)
                              /home/chinmayee/.local/xPacks/@xpack-dev-tools/arm-none-eabi-gcc/11.2.1-1.2.2/.content/bin/../lib/gcc/arm-none-eabi/11.2.1/../../../../arm-none-eabi/lib/thumb/v7e-m/nofp/libg_nano.a(lib_a-nano-svfprintf.o) (memcpy)
/home/chinmayee/.local/xPacks/@xpack-dev-tools/arm-none-eabi-gcc/11.2.1-1.2.2/.content/bin/../lib/gcc/arm-none-eabi/11.2.1/../../../../arm-none-eabi/lib/thumb/v7e-m/nofp/libg_nano.a(lib_a-memmove.o)
                              /home/chinmayee/.local/xPacks/@xpack-dev-tools/arm-none-eabi-gcc/11.2.1-1.2.2/.content/bin/../lib/gcc/arm-none-eabi/11.2.1/../../../../arm-none-eabi/lib/thumb/v7e-m/nofp/libg_nano.a(lib_a-nano-svfprintf.o) (memmove)
/home/chinmayee/.local/xPacks/@xpack-dev-tools/arm-none-eabi-gcc/11.2.1-1.2.2/.content/bin/../lib/gcc/arm-none-eabi/11.2.1/../../../../arm-none-eabi/lib/thumb/v7e-m/nofp/libg_nano.a(lib_a-nano-freer.o)
                              /home/chinmayee/.local/xPacks/@xpack-dev-tools/arm-none-eabi-gcc/11.2.1-1.2.2/.content/bin/../lib/gcc/arm-none-eabi/11.2.1/../../../../arm-none-eabi/lib/thumb/v7e-m/nofp/libg_nano.a(lib_a-nano-svfprintf.o) (_free_r)
/home/chinmayee/.local/xPacks/@xpack-dev-tools/arm-none-eabi-gcc/11.2.1-1.2.2/.content/bin/../lib/gcc/arm-none-eabi/11.2.1/../../../../arm-none-eabi/lib/thumb/v7e-m/nofp/libg_nano.a(lib_a-nano-mallocr.o)
                              /home/chinmayee/.local/xPacks/@xpack-dev-tools/arm-none-eabi-gcc/11.2.1-1.2.2/.content/bin/../lib/gcc/arm-none-eabi/11.2.1/../../../../arm-none-eabi/lib/thumb/v7e-m/nofp/libg_nano.a(lib_a-nano-svfprintf.o) (_malloc_r)
/home/chinmayee/.local/xPacks/@xpack-dev-tools/arm-none-eabi-gcc/11.2.1-1.2.2/.content/bin/../lib/gcc/arm-none-eabi/11.2.1/../../../../arm-none-eabi/lib/thumb/v7e-m/nofp/libg_nano.a(lib_a-nano-reallocr.o)
                              /home/chinmayee/.local/xPacks/@xpack-dev-tools/arm-none-eabi-gcc/11.2.1-1.2.2/.content/bin/../lib/gcc/arm-none-eabi/11.2.1/../../../../arm-none-eabi/lib/thumb/v7e-m/nofp/libg_nano.a(lib_a-nano-svfprintf.o) (_realloc_r)
[...]
Memory Configuration

Name             Origin             Length             Attributes
RAM              0x0000000020000000 0x0000000000020000 xrw
CCMRAM           0x0000000010000000 0x0000000000010000 xrw
FLASH            0x0000000008000000 0x0000000000100000 xr
FLASHB1          0x0000000000000000 0x0000000000000000 xr
EXTMEMB0         0x0000000000000000 0x0000000000000000 xr
EXTMEMB1         0x0000000000000000 0x0000000000000000 xr
EXTMEMB2         0x0000000000000000 0x0000000000000000 xr
EXTMEMB3         0x0000000000000000 0x0000000000000000 xr
MEMORY_ARRAY     0x0000000020002000 0x0000000000000020 xrw
*default*        0x0000000000000000 0xffffffffffffffff

Linker script and memory map

LOAD ./system/src/stm32f4-hal/stm32f4xx_hal.o
LOAD ./system/src/stm32f4-hal/stm32f4xx_hal_cortex.o
LOAD ./system/src/stm32f4-hal/stm32f4xx_hal_dfsdm.o
LOAD ./system/src/stm32f4-hal/stm32f4xx_hal_flash.o
LOAD ./system/src/stm32f4-hal/stm32f4xx_hal_flash_ex.o
LOAD ./system/src/stm32f4-hal/stm32f4xx_hal_flash_ramfunc.o
LOAD ./system/src/stm32f4-hal/stm32f4xx_hal_gpio.o
LOAD ./system/src/stm32f4-hal/stm32f4xx_hal_iwdg.o
LOAD ./system/src/stm32f4-hal/stm32f4xx_hal_pwr.o
LOAD ./system/src/stm32f4-hal/stm32f4xx_hal_rcc.o
LOAD ./system/src/newlib/_cxx.o
LOAD ./system/src/newlib/_exit.o
LOAD ./system/src/newlib/_sbrk.o
LOAD ./system/src/newlib/_startup.o
LOAD ./system/src/newlib/_syscalls.o
LOAD ./system/src/newlib/assert.o
LOAD ./system/src/diag/Trace.o
LOAD ./system/src/diag/trace_impl.o
LOAD ./system/src/cortexm/_initialize_hardware.o
LOAD ./system/src/cortexm/_reset_hardware.o
LOAD ./system/src/cortexm/exception_handlers.o
LOAD ./system/src/cmsis/system_stm32f4xx.o
LOAD ./system/src/cmsis/vectors_stm32f407xx.o
LOAD ./src/BlinkLed.o
LOAD ./src/Timer.o
LOAD ./src/_initialize_hardware.o
LOAD ./src/_write.o
LOAD ./src/main.o
LOAD ./src/stm32f4xx_hal_msp.o
LOAD /home/chinmayee/.local/xPacks/@xpack-dev-tools/arm-none-eabi-gcc/11.2.1-1.2.2/.content/bin/../lib/gcc/arm-none-eabi/11.2.1/../../../../arm-none-eabi/lib/thumb/v7e-m/nofp/libstdc++_nano.a
LOAD /home/chinmayee/.local/xPacks/@xpack-dev-tools/arm-none-eabi-gcc/11.2.1-1.2.2/.content/bin/../lib/gcc/arm-none-eabi/11.2.1/../../../../arm-none-eabi/lib/thumb/v7e-m/nofp/libm.a
START GROUP
LOAD /home/chinmayee/.local/xPacks/@xpack-dev-tools/arm-none-eabi-gcc/11.2.1-1.2.2/.content/bin/../lib/gcc/arm-none-eabi/11.2.1/thumb/v7e-m/nofp/libgcc.a
LOAD /home/chinmayee/.local/xPacks/@xpack-dev-tools/arm-none-eabi-gcc/11.2.1-1.2.2/.content/bin/../lib/gcc/arm-none-eabi/11.2.1/../../../../arm-none-eabi/lib/thumb/v7e-m/nofp/libg_nano.a
LOAD /home/chinmayee/.local/xPacks/@xpack-dev-tools/arm-none-eabi-gcc/11.2.1-1.2.2/.content/bin/../lib/gcc/arm-none-eabi/11.2.1/../../../../arm-none-eabi/lib/thumb/v7e-m/nofp/libc_nano.a
END GROUP
START GROUP
LOAD /home/chinmayee/.local/xPacks/@xpack-dev-tools/arm-none-eabi-gcc/11.2.1-1.2.2/.content/bin/../lib/gcc/arm-none-eabi/11.2.1/thumb/v7e-m/nofp/libgcc.a
LOAD /home/chinmayee/.local/xPacks/@xpack-dev-tools/arm-none-eabi-gcc/11.2.1-1.2.2/.content/bin/../lib/gcc/arm-none-eabi/11.2.1/../../../../arm-none-eabi/lib/thumb/v7e-m/nofp/libc_nano.a
END GROUP
                0x0000000020020000                __stack = (ORIGIN (RAM) + LENGTH (RAM))
                0x0000000020020000                _estack = __stack
                0x0000000000000400                __Main_Stack_Size = 0x400
                [!provide]                        PROVIDE (_Main_Stack_Size = __Main_Stack_Size)
                0x000000002001fc00                __Main_Stack_Limit = (__stack - __Main_Stack_Size)
                [!provide]                        PROVIDE (_Main_Stack_Limit = __Main_Stack_Limit)
                0x0000000000000100                _Minimum_Stack_Size = 0x100
                0x000000002000011c                PROVIDE (_Heap_Begin = _end_noinit)
                0x000000002001fc00                PROVIDE (_Heap_Limit = (__stack - __Main_Stack_Size))

.isr_vector     0x0000000008000000      0x3e8
 FILL mask 0xff
                0x0000000008000000                __vectors_start = ABSOLUTE (.)
                0x0000000008000000                __vectors_start__ = ABSOLUTE (.)
 *(.isr_vector)
 .isr_vector    0x0000000008000000      0x188 ./system/src/cmsis/vectors_stm32f407xx.o
                0x0000000008000000                __isr_vectors
 *(.cfmconfig)
 *(.after_vectors .after_vectors.*)
 .after_vectors
                0x0000000008000188      0x130 ./system/src/newlib/_startup.o
                0x0000000008000188                _start
 .after_vectors
                0x00000000080002b8      0x12c ./system/src/cortexm/exception_handlers.o
                0x00000000080002b8                Reset_Handler
                0x00000000080002be                NMI_Handler
                0x00000000080002c2                HardFault_Handler
                0x00000000080002d6                HardFault_Handler_C
                0x0000000008000334                MemManage_Handler
                0x0000000008000338                BusFault_Handler
                0x000000000800034c                BusFault_Handler_C
                0x0000000008000380                UsageFault_Handler
                0x0000000008000394                UsageFault_Handler_C
                0x00000000080003c8                SVC_Handler
                0x00000000080003cc                DebugMon_Handler
                0x00000000080003d0                PendSV_Handler
 .after_vectors
                0x00000000080003e4        0x4 ./system/src/cmsis/vectors_stm32f407xx.o
                0x00000000080003e4                RTC_Alarm_IRQHandler
                0x00000000080003e4                HASH_RNG_IRQHandler
                0x00000000080003e4                EXTI2_IRQHandler
                0x00000000080003e4                TIM8_CC_IRQHandler
                0x00000000080003e4                TIM1_CC_IRQHandler
                0x00000000080003e4                DMA2_Stream5_IRQHandler
                0x00000000080003e4                DMA1_Stream5_IRQHandler
                0x00000000080003e4                PVD_IRQHandler
                0x00000000080003e4                SDIO_IRQHandler
                0x00000000080003e4                TAMP_STAMP_IRQHandler
                0x00000000080003e4                CAN2_RX1_IRQHandler
                0x00000000080003e4                EXTI3_IRQHandler
                0x00000000080003e4                TIM8_TRG_COM_TIM14_IRQHandler
                0x00000000080003e4                TIM1_UP_TIM10_IRQHandler
                0x00000000080003e4                TIM8_UP_TIM13_IRQHandler
                0x00000000080003e4                I2C3_ER_IRQHandler
                0x00000000080003e4                EXTI0_IRQHandler
                0x00000000080003e4                I2C2_EV_IRQHandler
                0x00000000080003e4                DMA1_Stream2_IRQHandler
                0x00000000080003e4                CAN1_RX0_IRQHandler
                0x00000000080003e4                FPU_IRQHandler
                0x00000000080003e4                OTG_HS_WKUP_IRQHandler
                0x00000000080003e4                CAN2_SCE_IRQHandler
                0x00000000080003e4                DMA2_Stream2_IRQHandler
                0x00000000080003e4                SPI1_IRQHandler
                0x00000000080003e4                TIM6_DAC_IRQHandler
                0x00000000080003e4                TIM1_BRK_TIM9_IRQHandler
                0x00000000080003e4                DCMI_IRQHandler
                0x00000000080003e4                CAN2_RX0_IRQHandler
                0x00000000080003e4                DMA2_Stream3_IRQHandler
                0x00000000080003e4                USART6_IRQHandler
                0x00000000080003e4                USART3_IRQHandler
                0x00000000080003e4                CAN1_RX1_IRQHandler
                0x00000000080003e4                UART5_IRQHandler
                0x00000000080003e4                DMA2_Stream0_IRQHandler
                0x00000000080003e4                TIM4_IRQHandler
                0x00000000080003e4                I2C1_EV_IRQHandler
                0x00000000080003e4                DMA1_Stream6_IRQHandler
                0x00000000080003e4                DMA1_Stream1_IRQHandler
                0x00000000080003e4                UART4_IRQHandler
                0x00000000080003e4                TIM3_IRQHandler
                0x00000000080003e4                RCC_IRQHandler
                0x00000000080003e4                TIM8_BRK_TIM12_IRQHandler
                0x00000000080003e4                Default_Handler
                0x00000000080003e4                EXTI15_10_IRQHandler
                0x00000000080003e4                ADC_IRQHandler
                0x00000000080003e4                DMA1_Stream7_IRQHandler
                0x00000000080003e4                TIM7_IRQHandler
                0x00000000080003e4                CAN2_TX_IRQHandler
                0x00000000080003e4                TIM5_IRQHandler
                0x00000000080003e4                DMA2_Stream7_IRQHandler
                0x00000000080003e4                I2C3_EV_IRQHandler
                0x00000000080003e4                EXTI9_5_IRQHandler
                0x00000000080003e4                RTC_WKUP_IRQHandler
                0x00000000080003e4                ETH_WKUP_IRQHandler
                0x00000000080003e4                SPI2_IRQHandler
                0x00000000080003e4                OTG_HS_EP1_IN_IRQHandler
                0x00000000080003e4                DMA1_Stream0_IRQHandler
                0x00000000080003e4                CAN1_TX_IRQHandler
                0x00000000080003e4                EXTI4_IRQHandler
                0x00000000080003e4                ETH_IRQHandler
                0x00000000080003e4                OTG_HS_EP1_OUT_IRQHandler
                0x00000000080003e4                WWDG_IRQHandler
                0x00000000080003e4                TIM2_IRQHandler
                0x00000000080003e4                OTG_FS_WKUP_IRQHandler
                0x00000000080003e4                TIM1_TRG_COM_TIM11_IRQHandler
                0x00000000080003e4                OTG_HS_IRQHandler
                0x00000000080003e4                EXTI1_IRQHandler
                0x00000000080003e4                USART2_IRQHandler
                0x00000000080003e4                I2C2_ER_IRQHandler
                0x00000000080003e4                DMA2_Stream1_IRQHandler
                0x00000000080003e4                CAN1_SCE_IRQHandler
                0x00000000080003e4                FLASH_IRQHandler
                0x00000000080003e4                DMA2_Stream4_IRQHandler
                0x00000000080003e4                USART1_IRQHandler
                0x00000000080003e4                OTG_FS_IRQHandler
                0x00000000080003e4                SPI3_IRQHandler
                0x00000000080003e4                DMA1_Stream4_IRQHandler
                0x00000000080003e4                I2C1_ER_IRQHandler
                0x00000000080003e4                FMC_IRQHandler
                0x00000000080003e4                DMA2_Stream6_IRQHandler
                0x00000000080003e4                DMA1_Stream3_IRQHandler

.inits          0x00000000080003e8       0x28
                0x00000000080003e8                __data_regions_array_start = .
                0x00000000080003e8        0x4 LONG 0x8002168 LOADADDR (.data)
                0x00000000080003ec        0x4 LONG 0x20000000 ADDR (.data)
                0x00000000080003f0        0x4 LONG 0x20000078 (ADDR (.data) + SIZEOF (.data))
                0x00000000080003f4        0x4 LONG 0x8002168 LOADADDR (.data_CCMRAM)
                0x00000000080003f8        0x4 LONG 0x10000000 ADDR (.data_CCMRAM)
                0x00000000080003fc        0x4 LONG 0x10000000 (ADDR (.data_CCMRAM) + SIZEOF (.data_CCMRAM))
                0x0000000008000400                __data_regions_array_end = .
                0x0000000008000400                __bss_regions_array_start = .
                0x0000000008000400        0x4 LONG 0x20000078 ADDR (.bss)
                0x0000000008000404        0x4 LONG 0x2000011c (ADDR (.bss) + SIZEOF (.bss))
                0x0000000008000408        0x4 LONG 0x10000000 ADDR (.bss_CCMRAM)
                0x000000000800040c        0x4 LONG 0x10000000 (ADDR (.bss_CCMRAM) + SIZEOF (.bss_CCMRAM))
                0x0000000008000410                __bss_regions_array_end = .
 *(.init)
 *(.fini)
                0x0000000008000410                . = ALIGN (0x4)
                0x0000000008000410                PROVIDE (__preinit_array_start = .)
 *(.preinit_array_sysinit .preinit_array_sysinit.*)
 *(.preinit_array_platform .preinit_array_platform.*)
 *(.preinit_array .preinit_array.*)
                0x0000000008000410                PROVIDE (__preinit_array_end = .)
                0x0000000008000410                . = ALIGN (0x4)
                0x0000000008000410                PROVIDE (__init_array_start = .)
 *(SORT_BY_NAME(.init_array.*))
 *(.init_array)
                0x0000000008000410                PROVIDE (__init_array_end = .)
                0x0000000008000410                . = ALIGN (0x4)
                0x0000000008000410                PROVIDE (__fini_array_start = .)
 *(SORT_BY_NAME(.fini_array.*))
 *(.fini_array)
                0x0000000008000410                PROVIDE (__fini_array_end = .)

.flashtext
 *(.flashtext .flashtext.*)

.text           0x0000000008000410     0x1d56
 *(.text .text.*)
 .text.HAL_InitTick
                0x0000000008000410       0x2c ./system/src/stm32f4-hal/stm32f4xx_hal.o
                0x0000000008000410                HAL_InitTick
 .text.HAL_Init
                0x000000000800043c       0x34 ./system/src/stm32f4-hal/stm32f4xx_hal.o
                0x000000000800043c                HAL_Init
 .text.HAL_IncTick
                0x0000000008000470       0x10 ./system/src/stm32f4-hal/stm32f4xx_hal.o
                0x0000000008000470                HAL_IncTick
 .text.HAL_GetTick
                0x0000000008000480        0xc ./system/src/stm32f4-hal/stm32f4xx_hal.o
                0x0000000008000480                HAL_GetTick
 .text.HAL_NVIC_SetPriorityGrouping
                0x000000000800048c       0x3c ./system/src/stm32f4-hal/stm32f4xx_hal_cortex.o
                0x000000000800048c                HAL_NVIC_SetPriorityGrouping
 .text.HAL_NVIC_SetPriority
                0x00000000080004c8       0x8c ./system/src/stm32f4-hal/stm32f4xx_hal_cortex.o
                0x00000000080004c8                HAL_NVIC_SetPriority
 .text.HAL_SYSTICK_Config
                0x0000000008000554       0x28 ./system/src/stm32f4-hal/stm32f4xx_hal_cortex.o
                0x0000000008000554                HAL_SYSTICK_Config
 .text.HAL_SYSTICK_CLKSourceConfig
                0x000000000800057c       0x3c ./system/src/stm32f4-hal/stm32f4xx_hal_cortex.o
                0x000000000800057c                HAL_SYSTICK_CLKSourceConfig
 .text.HAL_GPIO_Init
                0x00000000080005b8      0x2dc ./system/src/stm32f4-hal/stm32f4xx_hal_gpio.o
                0x00000000080005b8                HAL_GPIO_Init
 .text.HAL_GPIO_WritePin
                0x0000000008000894       0x38 ./system/src/stm32f4-hal/stm32f4xx_hal_gpio.o
                0x0000000008000894                HAL_GPIO_WritePin
 .text.HAL_RCC_OscConfig
                0x00000000080008cc      0x438 ./system/src/stm32f4-hal/stm32f4xx_hal_rcc.o
                0x00000000080008cc                HAL_RCC_OscConfig
 .text.HAL_RCC_GetSysClockFreq
                0x0000000008000d04       0x98 ./system/src/stm32f4-hal/stm32f4xx_hal_rcc.o
                0x0000000008000d04                HAL_RCC_GetSysClockFreq
 .text.HAL_RCC_ClockConfig
                0x0000000008000d9c      0x260 ./system/src/stm32f4-hal/stm32f4xx_hal_rcc.o
                0x0000000008000d9c                HAL_RCC_ClockConfig
 .text.HAL_RCC_GetHCLKFreq
                0x0000000008000ffc        0xc ./system/src/stm32f4-hal/stm32f4xx_hal_rcc.o
                0x0000000008000ffc                HAL_RCC_GetHCLKFreq
 .text._exit    0x0000000008001008        0x2 ./system/src/newlib/_exit.o
                0x0000000008001008                _exit
 *fill*         0x000000000800100a        0x2 
 .text.abort    0x000000000800100c       0x14 ./system/src/newlib/_exit.o
                0x000000000800100c                abort
 .text._sbrk    0x0000000008001020       0x44 ./system/src/newlib/_sbrk.o
                0x0000000008001020                _sbrk
 .text.__initialize_args
                0x0000000008001064       0x10 ./system/src/newlib/_syscalls.o
                0x0000000008001064                __initialize_args
 .text.assert_failed
                0x0000000008001074       0x14 ./system/src/newlib/assert.o
                0x0000000008001074                assert_failed
 .text.trace_printf
                0x0000000008001088       0x34 ./system/src/diag/Trace.o
                0x0000000008001088                trace_printf
 .text.trace_puts
                0x00000000080010bc       0x20 ./system/src/diag/Trace.o
                0x00000000080010bc                trace_puts
 .text._trace_write_semihosting_debug
                0x00000000080010dc       0x62 ./system/src/diag/trace_impl.o
 .text.trace_write
                0x000000000800113e        0x8 ./system/src/diag/trace_impl.o
                0x000000000800113e                trace_write
 *fill*         0x0000000008001146        0x2 
 .text.__initialize_hardware_early
                0x0000000008001148       0x18 ./system/src/cortexm/_initialize_hardware.o
                0x0000000008001148                __initialize_hardware_early
 .text.dumpExceptionStack
                0x0000000008001160       0xf4 ./system/src/cortexm/exception_handlers.o
                0x0000000008001160                dumpExceptionStack
 .text.isSemihosting
                0x0000000008001254       0x20 ./system/src/cortexm/exception_handlers.o
                0x0000000008001254                isSemihosting
 .text.SystemInit
                0x0000000008001274       0x40 ./system/src/cmsis/system_stm32f4xx.o
                0x0000000008001274                SystemInit
 .text.SystemCoreClockUpdate
                0x00000000080012b4       0xa0 ./system/src/cmsis/system_stm32f4xx.o
                0x00000000080012b4                SystemCoreClockUpdate
 .text.blink_led_init
                0x0000000008001354       0x40 ./src/BlinkLed.o
                0x0000000008001354                blink_led_init
 .text.timer_start
                0x0000000008001394       0x38 ./src/Timer.o
                0x0000000008001394                timer_start
 .text.timer_sleep
                0x00000000080013cc       0x14 ./src/Timer.o
                0x00000000080013cc                timer_sleep
 .text.timer_tick
                0x00000000080013e0       0x14 ./src/Timer.o
                0x00000000080013e0                timer_tick
 .text.SysTick_Handler
                0x00000000080013f4        0xc ./src/Timer.o
                0x00000000080013f4                SysTick_Handler
 .text.SystemClock_Config
                0x0000000008001400       0x9c ./src/_initialize_hardware.o
                0x0000000008001400                SystemClock_Config
 .text.__initialize_hardware
                0x000000000800149c       0x10 ./src/_initialize_hardware.o
                0x000000000800149c                __initialize_hardware
 .text.main     0x00000000080014ac       0x6c ./src/main.o
                0x00000000080014ac                main
 .text.HAL_MspInit
                0x0000000008001518        0x2 ./src/stm32f4xx_hal_msp.o
                0x0000000008001518                HAL_MspInit
 *fill*         0x000000000800151a        0x2 
 .text.__errno  0x000000000800151c        0xc /home/chinmayee/.local/xPacks/@xpack-dev-tools/arm-none-eabi-gcc/11.2.1-1.2.2/.content/bin/../lib/gcc/arm-none-eabi/11.2.1/../../../../arm-none-eabi/lib/thumb/v7e-m/nofp/libg_nano.a(lib_a-errno.o)
                0x000000000800151c                __errno
 .text          0x0000000008001528       0x10 /home/chinmayee/.local/xPacks/@xpack-dev-tools/arm-none-eabi-gcc/11.2.1-1.2.2/.content/bin/../lib/gcc/arm-none-eabi/11.2.1/../../../../arm-none-eabi/lib/thumb/v7e-m/nofp/libg_nano.a(lib_a-strlen.o)
                0x0000000008001528                strlen
 .text._vsnprintf_r
                0x0000000008001538       0x56 /home/chinmayee/.local/xPacks/@xpack-dev-tools/arm-none-eabi-gcc/11.2.1-1.2.2/.content/bin/../lib/gcc/arm-none-eabi/11.2.1/../../../../arm-none-eabi/lib/thumb/v7e-m/nofp/libg_nano.a(lib_a-vsnprintf.o)
                0x0000000008001538                _vsnprintf_r
                0x0000000008001538                _vsniprintf_r
 *fill*         0x000000000800158e        0x2 
 .text.vsnprintf
                0x0000000008001590       0x1c /home/chinmayee/.local/xPacks/@xpack-dev-tools/arm-none-eabi-gcc/11.2.1-1.2.2/.content/bin/../lib/gcc/arm-none-eabi/11.2.1/../../../../arm-none-eabi/lib/thumb/v7e-m/nofp/libg_nano.a(lib_a-vsnprintf.o)
                0x0000000008001590                vsnprintf
                0x0000000008001590                vsniprintf
 .text.__ssputs_r
                0x00000000080015ac       0xb4 /home/chinmayee/.local/xPacks/@xpack-dev-tools/arm-none-eabi-gcc/11.2.1-1.2.2/.content/bin/../lib/gcc/arm-none-eabi/11.2.1/../../../../arm-none-eabi/lib/thumb/v7e-m/nofp/libg_nano.a(lib_a-nano-svfprintf.o)
                0x00000000080015ac                __ssputs_r
 .text._svfprintf_r
                0x0000000008001660      0x1fc /home/chinmayee/.local/xPacks/@xpack-dev-tools/arm-none-eabi-gcc/11.2.1-1.2.2/.content/bin/../lib/gcc/arm-none-eabi/11.2.1/../../../../arm-none-eabi/lib/thumb/v7e-m/nofp/libg_nano.a(lib_a-nano-svfprintf.o)
                0x0000000008001660                _svfprintf_r
                0x0000000008001660                _svfiprintf_r
 .text._printf_common
                0x000000000800185c       0xda /home/chinmayee/.local/xPacks/@xpack-dev-tools/arm-none-eabi-gcc/11.2.1-1.2.2/.content/bin/../lib/gcc/arm-none-eabi/11.2.1/../../../../arm-none-eabi/lib/thumb/v7e-m/nofp/libg_nano.a(lib_a-nano-vfprintf_i.o)
                0x000000000800185c                _printf_common
 *fill*         0x0000000008001936        0x2 
 .text._printf_i
                0x0000000008001938      0x244 /home/chinmayee/.local/xPacks/@xpack-dev-tools/arm-none-eabi-gcc/11.2.1-1.2.2/.content/bin/../lib/gcc/arm-none-eabi/11.2.1/../../../../arm-none-eabi/lib/thumb/v7e-m/nofp/libg_nano.a(lib_a-nano-vfprintf_i.o)
                0x0000000008001938                _printf_i
 *fill*         0x0000000008001b7c        0x4 
 .text          0x0000000008001b80       0xa0 /home/chinmayee/.local/xPacks/@xpack-dev-tools/arm-none-eabi-gcc/11.2.1-1.2.2/.content/bin/../lib/gcc/arm-none-eabi/11.2.1/../../../../arm-none-eabi/lib/thumb/v7e-m/nofp/libg_nano.a(lib_a-memchr.o)
                0x0000000008001b80                memchr
 .text.memcpy   0x0000000008001c20       0x1c /home/chinmayee/.local/xPacks/@xpack-dev-tools/arm-none-eabi-gcc/11.2.1-1.2.2/.content/bin/../lib/gcc/arm-none-eabi/11.2.1/../../../../arm-none-eabi/lib/thumb/v7e-m/nofp/libg_nano.a(lib_a-memcpy-stub.o)
                0x0000000008001c20                memcpy
 .text.memmove  0x0000000008001c3c       0x34 /home/chinmayee/.local/xPacks/@xpack-dev-tools/arm-none-eabi-gcc/11.2.1-1.2.2/.content/bin/../lib/gcc/arm-none-eabi/11.2.1/../../../../arm-none-eabi/lib/thumb/v7e-m/nofp/libg_nano.a(lib_a-memmove.o)
                0x0000000008001c3c                memmove
 .text._free_r  0x0000000008001c70       0x94 /home/chinmayee/.local/xPacks/@xpack-dev-tools/arm-none-eabi-gcc/11.2.1-1.2.2/.content/bin/../lib/gcc/arm-none-eabi/11.2.1/../../../../arm-none-eabi/lib/thumb/v7e-m/nofp/libg_nano.a(lib_a-nano-freer.o)
                0x0000000008001c70                _free_r
 .text.sbrk_aligned
                0x0000000008001d04       0x40 /home/chinmayee/.local/xPacks/@xpack-dev-tools/arm-none-eabi-gcc/11.2.1-1.2.2/.content/bin/../lib/gcc/arm-none-eabi/11.2.1/../../../../arm-none-eabi/lib/thumb/v7e-m/nofp/libg_nano.a(lib_a-nano-mallocr.o)
 .text._malloc_r
                0x0000000008001d44       0xe8 /home/chinmayee/.local/xPacks/@xpack-dev-tools/arm-none-eabi-gcc/11.2.1-1.2.2/.content/bin/../lib/gcc/arm-none-eabi/11.2.1/../../../../arm-none-eabi/lib/thumb/v7e-m/nofp/libg_nano.a(lib_a-nano-mallocr.o)
                0x0000000008001d44                _malloc_r
 .text._realloc_r
                0x0000000008001e2c       0x5e /home/chinmayee/.local/xPacks/@xpack-dev-tools/arm-none-eabi-gcc/11.2.1-1.2.2/.content/bin/../lib/gcc/arm-none-eabi/11.2.1/../../../../arm-none-eabi/lib/thumb/v7e-m/nofp/libg_nano.a(lib_a-nano-reallocr.o)
                0x0000000008001e2c                _realloc_r
 *fill*         0x0000000008001e8a        0x2 
 .text._sbrk_r  0x0000000008001e8c       0x20 /home/chinmayee/.local/xPacks/@xpack-dev-tools/arm-none-eabi-gcc/11.2.1-1.2.2/.content/bin/../lib/gcc/arm-none-eabi/11.2.1/../../../../arm-none-eabi/lib/thumb/v7e-m/nofp/libg_nano.a(lib_a-sbrkr.o)
                0x0000000008001e8c                _sbrk_r
 .text.__malloc_lock
                0x0000000008001eac        0x2 /home/chinmayee/.local/xPacks/@xpack-dev-tools/arm-none-eabi-gcc/11.2.1-1.2.2/.content/bin/../lib/gcc/arm-none-eabi/11.2.1/../../../../arm-none-eabi/lib/thumb/v7e-m/nofp/libg_nano.a(lib_a-mlock.o)
                0x0000000008001eac                __malloc_lock
 .text.__malloc_unlock
                0x0000000008001eae        0x2 /home/chinmayee/.local/xPacks/@xpack-dev-tools/arm-none-eabi-gcc/11.2.1-1.2.2/.content/bin/../lib/gcc/arm-none-eabi/11.2.1/../../../../arm-none-eabi/lib/thumb/v7e-m/nofp/libg_nano.a(lib_a-mlock.o)
                0x0000000008001eae                __malloc_unlock
 .text._malloc_usable_size_r
                0x0000000008001eb0       0x10 /home/chinmayee/.local/xPacks/@xpack-dev-tools/arm-none-eabi-gcc/11.2.1-1.2.2/.content/bin/../lib/gcc/arm-none-eabi/11.2.1/../../../../arm-none-eabi/lib/thumb/v7e-m/nofp/libg_nano.a(lib_a-nano-msizer.o)
                0x0000000008001eb0                _malloc_usable_size_r
 *(.rodata .rodata.* .constdata .constdata.*)
 .rodata.HAL_NVIC_SetPriorityGrouping.str1.4
                0x0000000008001ec0       0x31 ./system/src/stm32f4-hal/stm32f4xx_hal_cortex.o
 *fill*         0x0000000008001ef1        0x3 
 .rodata.HAL_GPIO_Init.str1.4
                0x0000000008001ef4       0x2f ./system/src/stm32f4-hal/stm32f4xx_hal_gpio.o
 *fill*         0x0000000008001f23        0x1 
 .rodata.HAL_RCC_OscConfig.str1.4
                0x0000000008001f24       0x2e ./system/src/stm32f4-hal/stm32f4xx_hal_rcc.o
 *fill*         0x0000000008001f52        0x2 
 .rodata.APBAHBPrescTable
                0x0000000008001f54       0x10 ./system/src/stm32f4-hal/stm32f4xx_hal_rcc.o
                0x0000000008001f54                APBAHBPrescTable
 .rodata.abort.str1.4
                0x0000000008001f64       0x14 ./system/src/newlib/_exit.o
 .rodata.assert_failed.str1.4
                0x0000000008001f78       0x2b ./system/src/newlib/assert.o
 .rodata.trace_puts.str1.4
                0x0000000008001fa3       0x2b ./system/src/diag/Trace.o
                                          0x2 (size before relaxing)
 *fill*         0x0000000008001fa3        0x1 
 .rodata.dumpExceptionStack.str1.4
                0x0000000008001fa4      0x11a ./system/src/cortexm/exception_handlers.o
 *fill*         0x00000000080020be        0x2 
 .rodata.str1.4
                0x00000000080020c0       0x2a ./system/src/cortexm/exception_handlers.o
 *fill*         0x00000000080020ea        0x2 
 .rodata.AHBPrescTable
                0x00000000080020ec       0x10 ./system/src/cmsis/system_stm32f4xx.o
                0x00000000080020ec                AHBPrescTable
 .rodata.main.str1.4
                0x00000000080020fc       0x37 ./src/main.o
 .rodata._svfprintf_r.str1.1
                0x0000000008002133       0x11 /home/chinmayee/.local/xPacks/@xpack-dev-tools/arm-none-eabi-gcc/11.2.1-1.2.2/.content/bin/../lib/gcc/arm-none-eabi/11.2.1/../../../../arm-none-eabi/lib/thumb/v7e-m/nofp/libg_nano.a(lib_a-nano-svfprintf.o)
 .rodata._printf_i.str1.1
                0x0000000008002144       0x22 /home/chinmayee/.local/xPacks/@xpack-dev-tools/arm-none-eabi-gcc/11.2.1-1.2.2/.content/bin/../lib/gcc/arm-none-eabi/11.2.1/../../../../arm-none-eabi/lib/thumb/v7e-m/nofp/libg_nano.a(lib_a-nano-vfprintf_i.o)
 *(vtable)
 *(.eh_frame*)
 *(.glue_7)
 .glue_7        0x0000000008002166        0x0 linker stubs
 *(.glue_7t)
 .glue_7t       0x0000000008002166        0x0 linker stubs

.vfp11_veneer   0x0000000008002168        0x0
 .vfp11_veneer  0x0000000008002168        0x0 linker stubs

.v4_bx          0x0000000008002168        0x0
 .v4_bx         0x0000000008002168        0x0 linker stubs

.iplt           0x0000000008002168        0x0
 .iplt          0x0000000008002168        0x0 ./system/src/stm32f4-hal/stm32f4xx_hal.o

.rel.dyn        0x0000000008002168        0x0
 .rel.iplt      0x0000000008002168        0x0 ./system/src/stm32f4-hal/stm32f4xx_hal.o

.ARM.extab
 *(.ARM.extab* .gnu.linkonce.armextab.*)
                0x0000000008002168                . = ALIGN (0x4)
                0x0000000008002168                __exidx_start = .

.ARM.exidx
 *(.ARM.exidx* .gnu.linkonce.armexidx.*)
                0x0000000008002168                __exidx_end = .
                0x0000000008002168                . = ALIGN (0x4)
                0x0000000008002168                _etext = .
                0x0000000008002168                __etext = .

.data_CCMRAM    0x0000000010000000        0x0 load address 0x0000000008002168
 FILL mask 0xff
 *(.data.CCMRAM .data.CCMRAM.*)
                0x0000000010000000                . = ALIGN (0x4)
                0x0000000008002168                _sidata = LOADADDR (.data)

.data           0x0000000020000000       0x78 load address 0x0000000008002168
 FILL mask 0xff
                0x0000000020000000                _sdata = .
                0x0000000020000000                __data_start__ = .
 *(.data_begin .data_begin.*)
 .data_begin    0x0000000020000000        0x4 ./system/src/newlib/_startup.o
 *(.data .data.*)
 .data.argv.1   0x0000000020000004        0x8 ./system/src/newlib/_syscalls.o
 .data.SystemCoreClock
                0x000000002000000c        0x4 ./system/src/cmsis/system_stm32f4xx.o
                0x000000002000000c                SystemCoreClock
 .data._impure_ptr
                0x0000000020000010        0x4 /home/chinmayee/.local/xPacks/@xpack-dev-tools/arm-none-eabi-gcc/11.2.1-1.2.2/.content/bin/../lib/gcc/arm-none-eabi/11.2.1/../../../../arm-none-eabi/lib/thumb/v7e-m/nofp/libg_nano.a(lib_a-impure.o)
                0x0000000020000010                _impure_ptr
 .data.impure_data
                0x0000000020000014       0x60 /home/chinmayee/.local/xPacks/@xpack-dev-tools/arm-none-eabi-gcc/11.2.1-1.2.2/.content/bin/../lib/gcc/arm-none-eabi/11.2.1/../../../../arm-none-eabi/lib/thumb/v7e-m/nofp/libg_nano.a(lib_a-impure.o)
 *(.data_end .data_end.*)
 .data_end      0x0000000020000074        0x4 ./system/src/newlib/_startup.o
                0x0000000020000078                . = ALIGN (0x4)
                0x0000000020000078                _edata = .
                0x0000000020000078                __data_end__ = .

.igot.plt       0x0000000020000078        0x0 load address 0x00000000080021e0
 .igot.plt      0x0000000020000078        0x0 ./system/src/stm32f4-hal/stm32f4xx_hal.o

.bss_CCMRAM     0x0000000010000000        0x0
 *(.bss.CCMRAM .bss.CCMRAM.*)

.bss            0x0000000020000078       0xa4
                0x0000000020000078                __bss_start__ = .
                0x0000000020000078                _sbss = .
 *(.bss_begin .bss_begin.*)
 .bss_begin     0x0000000020000078        0x4 ./system/src/newlib/_startup.o
 *(.bss .bss.*)
 .bss.uwTick    0x000000002000007c        0x4 ./system/src/stm32f4-hal/stm32f4xx_hal.o
                0x000000002000007c                uwTick
 .bss.current_heap_end.0
                0x0000000020000080        0x4 ./system/src/newlib/_sbrk.o
 .bss.errno     0x0000000020000084        0x4 ./system/src/newlib/_syscalls.o
                0x0000000020000084                errno
 .bss.name.0    0x0000000020000088        0x1 ./system/src/newlib/_syscalls.o
 *fill*         0x0000000020000089        0x3 
 .bss.buf.0     0x000000002000008c       0x80 ./system/src/diag/Trace.o
 .bss.timer_delayCount
                0x000000002000010c        0x4 ./src/Timer.o
                0x000000002000010c                timer_delayCount
 .bss.__malloc_free_list
                0x0000000020000110        0x4 /home/chinmayee/.local/xPacks/@xpack-dev-tools/arm-none-eabi-gcc/11.2.1-1.2.2/.content/bin/../lib/gcc/arm-none-eabi/11.2.1/../../../../arm-none-eabi/lib/thumb/v7e-m/nofp/libg_nano.a(lib_a-nano-mallocr.o)
                0x0000000020000110                __malloc_free_list
 .bss.__malloc_sbrk_start
                0x0000000020000114        0x4 /home/chinmayee/.local/xPacks/@xpack-dev-tools/arm-none-eabi-gcc/11.2.1-1.2.2/.content/bin/../lib/gcc/arm-none-eabi/11.2.1/../../../../arm-none-eabi/lib/thumb/v7e-m/nofp/libg_nano.a(lib_a-nano-mallocr.o)
                0x0000000020000114                __malloc_sbrk_start
 *(COMMON)
 *(.bss_end .bss_end.*)
 .bss_end       0x0000000020000118        0x4 ./system/src/newlib/_startup.o
                0x000000002000011c                . = ALIGN (0x4)
                0x000000002000011c                __bss_end__ = .
                0x000000002000011c                _ebss = .

.noinit_CCMRAM
 *(.noinit.CCMRAM .noinit.CCMRAM.*)

.noinit         0x000000002000011c        0x0
                0x000000002000011c                _noinit = .
 *(.noinit .noinit.*)
                0x000000002000011c                . = ALIGN (0x4)
                0x000000002000011c                _end_noinit = .
                [!provide]                        PROVIDE (end = _end_noinit)
                [!provide]                        PROVIDE (_end = _end_noinit)
                [!provide]                        PROVIDE (__end = _end_noinit)
                [!provide]                        PROVIDE (__end__ = _end_noinit)

._check_stack   0x000000002000011c      0x100
                0x000000002000021c                . = (. + _Minimum_Stack_Size)
 *fill*         0x000000002000011c      0x100 

.b1text
 *(.b1text)
 *(.b1rodata)
 *(.b1rodata.*)

.eb0text
 *(.eb0text)
 *(.eb0rodata)
 *(.eb0rodata.*)

.eb1text
 *(.eb1text)
 *(.eb1rodata)
 *(.eb1rodata.*)

.eb2text
 *(.eb2text)
 *(.eb2rodata)
 *(.eb2rodata.*)

.eb3text
 *(.eb3text)
 *(.eb3rodata)
 *(.eb3rodata.*)

.stab
 *(.stab)

.stabstr
 *(.stabstr)

.stab.excl
 *(.stab.excl)

.stab.exclstr
 *(.stab.exclstr)

.stab.index
 *(.stab.index)

.stab.indexstr
 *(.stab.indexstr)

.comment        0x0000000000000000       0x39
 *(.comment)
 .comment       0x0000000000000000       0x39 ./system/src/stm32f4-hal/stm32f4xx_hal.o
                                         0x3a (size before relaxing)
 .comment       0x0000000000000039       0x3a ./system/src/stm32f4-hal/stm32f4xx_hal_cortex.o
 .comment       0x0000000000000039       0x3a ./system/src/stm32f4-hal/stm32f4xx_hal_gpio.o
 .comment       0x0000000000000039       0x3a ./system/src/stm32f4-hal/stm32f4xx_hal_rcc.o
 .comment       0x0000000000000039       0x3a ./system/src/newlib/_exit.o
 .comment       0x0000000000000039       0x3a ./system/src/newlib/_sbrk.o
 .comment       0x0000000000000039       0x3a ./system/src/newlib/_startup.o
 .comment       0x0000000000000039       0x3a ./system/src/newlib/_syscalls.o
 .comment       0x0000000000000039       0x3a ./system/src/newlib/assert.o
 .comment       0x0000000000000039       0x3a ./system/src/diag/Trace.o
 .comment       0x0000000000000039       0x3a ./system/src/diag/trace_impl.o
 .comment       0x0000000000000039       0x3a ./system/src/cortexm/_initialize_hardware.o
 .comment       0x0000000000000039       0x3a ./system/src/cortexm/exception_handlers.o
 .comment       0x0000000000000039       0x3a ./system/src/cmsis/system_stm32f4xx.o
 .comment       0x0000000000000039       0x3a ./system/src/cmsis/vectors_stm32f407xx.o
 .comment       0x0000000000000039       0x3a ./src/BlinkLed.o
 .comment       0x0000000000000039       0x3a ./src/Timer.o
 .comment       0x0000000000000039       0x3a ./src/_initialize_hardware.o
 .comment       0x0000000000000039       0x3a ./src/main.o
 .comment       0x0000000000000039       0x3a ./src/stm32f4xx_hal_msp.o
 .comment       0x0000000000000039       0x3a /home/chinmayee/.local/xPacks/@xpack-dev-tools/arm-none-eabi-gcc/11.2.1-1.2.2/.content/bin/../lib/gcc/arm-none-eabi/11.2.1/../../../../arm-none-eabi/lib/thumb/v7e-m/nofp/libg_nano.a(lib_a-errno.o)
 .comment       0x0000000000000039       0x3a /home/chinmayee/.local/xPacks/@xpack-dev-tools/arm-none-eabi-gcc/11.2.1-1.2.2/.content/bin/../lib/gcc/arm-none-eabi/11.2.1/../../../../arm-none-eabi/lib/thumb/v7e-m/nofp/libg_nano.a(lib_a-impure.o)
 .comment       0x0000000000000039       0x3a /home/chinmayee/.local/xPacks/@xpack-dev-tools/arm-none-eabi-gcc/11.2.1-1.2.2/.content/bin/../lib/gcc/arm-none-eabi/11.2.1/../../../../arm-none-eabi/lib/thumb/v7e-m/nofp/libg_nano.a(lib_a-vsnprintf.o)
 .comment       0x0000000000000039       0x3a /home/chinmayee/.local/xPacks/@xpack-dev-tools/arm-none-eabi-gcc/11.2.1-1.2.2/.content/bin/../lib/gcc/arm-none-eabi/11.2.1/../../../../arm-none-eabi/lib/thumb/v7e-m/nofp/libg_nano.a(lib_a-nano-svfprintf.o)
 .comment       0x0000000000000039       0x3a /home/chinmayee/.local/xPacks/@xpack-dev-tools/arm-none-eabi-gcc/11.2.1-1.2.2/.content/bin/../lib/gcc/arm-none-eabi/11.2.1/../../../../arm-none-eabi/lib/thumb/v7e-m/nofp/libg_nano.a(lib_a-nano-vfprintf_i.o)
 .comment       0x0000000000000039       0x3a /home/chinmayee/.local/xPacks/@xpack-dev-tools/arm-none-eabi-gcc/11.2.1-1.2.2/.content/bin/../lib/gcc/arm-none-eabi/11.2.1/../../../../arm-none-eabi/lib/thumb/v7e-m/nofp/libg_nano.a(lib_a-memcpy-stub.o)
 .comment       0x0000000000000039       0x3a /home/chinmayee/.local/xPacks/@xpack-dev-tools/arm-none-eabi-gcc/11.2.1-1.2.2/.content/bin/../lib/gcc/arm-none-eabi/11.2.1/../../../../arm-none-eabi/lib/thumb/v7e-m/nofp/libg_nano.a(lib_a-memmove.o)
 .comment       0x0000000000000039       0x3a /home/chinmayee/.local/xPacks/@xpack-dev-tools/arm-none-eabi-gcc/11.2.1-1.2.2/.content/bin/../lib/gcc/arm-none-eabi/11.2.1/../../../../arm-none-eabi/lib/thumb/v7e-m/nofp/libg_nano.a(lib_a-nano-freer.o)
 .comment       0x0000000000000039       0x3a /home/chinmayee/.local/xPacks/@xpack-dev-tools/arm-none-eabi-gcc/11.2.1-1.2.2/.content/bin/../lib/gcc/arm-none-eabi/11.2.1/../../../../arm-none-eabi/lib/thumb/v7e-m/nofp/libg_nano.a(lib_a-nano-mallocr.o)
 .comment       0x0000000000000039       0x3a /home/chinmayee/.local/xPacks/@xpack-dev-tools/arm-none-eabi-gcc/11.2.1-1.2.2/.content/bin/../lib/gcc/arm-none-eabi/11.2.1/../../../../arm-none-eabi/lib/thumb/v7e-m/nofp/libg_nano.a(lib_a-nano-reallocr.o)
 .comment       0x0000000000000039       0x3a /home/chinmayee/.local/xPacks/@xpack-dev-tools/arm-none-eabi-gcc/11.2.1-1.2.2/.content/bin/../lib/gcc/arm-none-eabi/11.2.1/../../../../arm-none-eabi/lib/thumb/v7e-m/nofp/libg_nano.a(lib_a-sbrkr.o)
 .comment       0x0000000000000039       0x3a /home/chinmayee/.local/xPacks/@xpack-dev-tools/arm-none-eabi-gcc/11.2.1-1.2.2/.content/bin/../lib/gcc/arm-none-eabi/11.2.1/../../../../arm-none-eabi/lib/thumb/v7e-m/nofp/libg_nano.a(lib_a-mlock.o)
 .comment       0x0000000000000039       0x3a /home/chinmayee/.local/xPacks/@xpack-dev-tools/arm-none-eabi-gcc/11.2.1-1.2.2/.content/bin/../lib/gcc/arm-none-eabi/11.2.1/../../../../arm-none-eabi/lib/thumb/v7e-m/nofp/libg_nano.a(lib_a-nano-msizer.o)

.ARM.attributes
                0x0000000000000000       0x2c
 .ARM.attributes
                0x0000000000000000       0x2e ./system/src/stm32f4-hal/stm32f4xx_hal.o
 .ARM.attributes
                0x000000000000002e       0x2e ./system/src/stm32f4-hal/stm32f4xx_hal_cortex.o
 .ARM.attributes
                0x000000000000005c       0x2e ./system/src/stm32f4-hal/stm32f4xx_hal_gpio.o
 .ARM.attributes
                0x000000000000008a       0x2e ./system/src/stm32f4-hal/stm32f4xx_hal_rcc.o
 .ARM.attributes
                0x00000000000000b8       0x2e ./system/src/newlib/_exit.o
 .ARM.attributes
                0x00000000000000e6       0x2e ./system/src/newlib/_sbrk.o
 .ARM.attributes
                0x0000000000000114       0x2e ./system/src/newlib/_startup.o
 .ARM.attributes
                0x0000000000000142       0x2e ./system/src/newlib/_syscalls.o
 .ARM.attributes
                0x0000000000000170       0x2e ./system/src/newlib/assert.o
 .ARM.attributes
                0x000000000000019e       0x2e ./system/src/diag/Trace.o
 .ARM.attributes
                0x00000000000001cc       0x2e ./system/src/diag/trace_impl.o
 .ARM.attributes
                0x00000000000001fa       0x2e ./system/src/cortexm/_initialize_hardware.o
 .ARM.attributes
                0x0000000000000228       0x2e ./system/src/cortexm/exception_handlers.o
 .ARM.attributes
                0x0000000000000256       0x2e ./system/src/cmsis/system_stm32f4xx.o
 .ARM.attributes
                0x0000000000000284       0x2e ./system/src/cmsis/vectors_stm32f407xx.o
 .ARM.attributes
                0x00000000000002b2       0x2e ./src/BlinkLed.o
 .ARM.attributes
                0x00000000000002e0       0x2e ./src/Timer.o
 .ARM.attributes
                0x000000000000030e       0x2e ./src/_initialize_hardware.o
 .ARM.attributes
                0x000000000000033c       0x2e ./src/main.o
 .ARM.attributes
                0x000000000000036a       0x2e ./src/stm32f4xx_hal_msp.o
 .ARM.attributes
                0x0000000000000398       0x2e /home/chinmayee/.local/xPacks/@xpack-dev-tools/arm-none-eabi-gcc/11.2.1-1.2.2/.content/bin/../lib/gcc/arm-none-eabi/11.2.1/../../../../arm-none-eabi/lib/thumb/v7e-m/nofp/libg_nano.a(lib_a-errno.o)
 .ARM.attributes
                0x00000000000003c6       0x2e /home/chinmayee/.local/xPacks/@xpack-dev-tools/arm-none-eabi-gcc/11.2.1-1.2.2/.content/bin/../lib/gcc/arm-none-eabi/11.2.1/../../../../arm-none-eabi/lib/thumb/v7e-m/nofp/libg_nano.a(lib_a-impure.o)
 .ARM.attributes
                0x00000000000003f4       0x17 /home/chinmayee/.local/xPacks/@xpack-dev-tools/arm-none-eabi-gcc/11.2.1-1.2.2/.content/bin/../lib/gcc/arm-none-eabi/11.2.1/../../../../arm-none-eabi/lib/thumb/v7e-m/nofp/libg_nano.a(lib_a-strlen.o)
 .ARM.attributes
                0x000000000000040b       0x2e /home/chinmayee/.local/xPacks/@xpack-dev-tools/arm-none-eabi-gcc/11.2.1-1.2.2/.content/bin/../lib/gcc/arm-none-eabi/11.2.1/../../../../arm-none-eabi/lib/thumb/v7e-m/nofp/libg_nano.a(lib_a-vsnprintf.o)
 .ARM.attributes
                0x0000000000000439       0x2e /home/chinmayee/.local/xPacks/@xpack-dev-tools/arm-none-eabi-gcc/11.2.1-1.2.2/.content/bin/../lib/gcc/arm-none-eabi/11.2.1/../../../../arm-none-eabi/lib/thumb/v7e-m/nofp/libg_nano.a(lib_a-nano-svfprintf.o)
 .ARM.attributes
                0x0000000000000467       0x2e /home/chinmayee/.local/xPacks/@xpack-dev-tools/arm-none-eabi-gcc/11.2.1-1.2.2/.content/bin/../lib/gcc/arm-none-eabi/11.2.1/../../../../arm-none-eabi/lib/thumb/v7e-m/nofp/libg_nano.a(lib_a-nano-vfprintf_i.o)
 .ARM.attributes
                0x0000000000000495       0x1c /home/chinmayee/.local/xPacks/@xpack-dev-tools/arm-none-eabi-gcc/11.2.1-1.2.2/.content/bin/../lib/gcc/arm-none-eabi/11.2.1/../../../../arm-none-eabi/lib/thumb/v7e-m/nofp/libg_nano.a(lib_a-memchr.o)
 .ARM.attributes
                0x00000000000004b1       0x2e /home/chinmayee/.local/xPacks/@xpack-dev-tools/arm-none-eabi-gcc/11.2.1-1.2.2/.content/bin/../lib/gcc/arm-none-eabi/11.2.1/../../../../arm-none-eabi/lib/thumb/v7e-m/nofp/libg_nano.a(lib_a-memcpy-stub.o)
 .ARM.attributes
                0x00000000000004df       0x2e /home/chinmayee/.local/xPacks/@xpack-dev-tools/arm-none-eabi-gcc/11.2.1-1.2.2/.content/bin/../lib/gcc/arm-none-eabi/11.2.1/../../../../arm-none-eabi/lib/thumb/v7e-m/nofp/libg_nano.a(lib_a-memmove.o)
 .ARM.attributes
                0x000000000000050d       0x2e /home/chinmayee/.local/xPacks/@xpack-dev-tools/arm-none-eabi-gcc/11.2.1-1.2.2/.content/bin/../lib/gcc/arm-none-eabi/11.2.1/../../../../arm-none-eabi/lib/thumb/v7e-m/nofp/libg_nano.a(lib_a-nano-freer.o)
 .ARM.attributes
                0x000000000000053b       0x2e /home/chinmayee/.local/xPacks/@xpack-dev-tools/arm-none-eabi-gcc/11.2.1-1.2.2/.content/bin/../lib/gcc/arm-none-eabi/11.2.1/../../../../arm-none-eabi/lib/thumb/v7e-m/nofp/libg_nano.a(lib_a-nano-mallocr.o)
 .ARM.attributes
                0x0000000000000569       0x2e /home/chinmayee/.local/xPacks/@xpack-dev-tools/arm-none-eabi-gcc/11.2.1-1.2.2/.content/bin/../lib/gcc/arm-none-eabi/11.2.1/../../../../arm-none-eabi/lib/thumb/v7e-m/nofp/libg_nano.a(lib_a-nano-reallocr.o)
 .ARM.attributes
                0x0000000000000597       0x2e /home/chinmayee/.local/xPacks/@xpack-dev-tools/arm-none-eabi-gcc/11.2.1-1.2.2/.content/bin/../lib/gcc/arm-none-eabi/11.2.1/../../../../arm-none-eabi/lib/thumb/v7e-m/nofp/libg_nano.a(lib_a-sbrkr.o)
 .ARM.attributes
                0x00000000000005c5       0x2e /home/chinmayee/.local/xPacks/@xpack-dev-tools/arm-none-eabi-gcc/11.2.1-1.2.2/.content/bin/../lib/gcc/arm-none-eabi/11.2.1/../../../../arm-none-eabi/lib/thumb/v7e-m/nofp/libg_nano.a(lib_a-mlock.o)
 .ARM.attributes
                0x00000000000005f3       0x2e /home/chinmayee/.local/xPacks/@xpack-dev-tools/arm-none-eabi-gcc/11.2.1-1.2.2/.content/bin/../lib/gcc/arm-none-eabi/11.2.1/../../../../arm-none-eabi/lib/thumb/v7e-m/nofp/libg_nano.a(lib_a-nano-msizer.o)

.debug
 *(.debug)

.line
 *(.line)

.debug_srcinfo
 *(.debug_srcinfo)

.debug_sfnames
 *(.debug_sfnames)

.debug_aranges  0x0000000000000000      0x558
 *(.debug_aranges)
 .debug_aranges
                0x0000000000000000       0xc0 ./system/src/stm32f4-hal/stm32f4xx_hal.o
 .debug_aranges
                0x00000000000000c0       0x98 ./system/src/stm32f4-hal/stm32f4xx_hal_cortex.o
 .debug_aranges
                0x0000000000000158       0x58 ./system/src/stm32f4-hal/stm32f4xx_hal_gpio.o
 .debug_aranges
                0x00000000000001b0       0x88 ./system/src/stm32f4-hal/stm32f4xx_hal_rcc.o
 .debug_aranges
                0x0000000000000238       0x28 ./system/src/newlib/_exit.o
 .debug_aranges
                0x0000000000000260       0x20 ./system/src/newlib/_sbrk.o
 .debug_aranges
                0x0000000000000280       0x40 ./system/src/newlib/_startup.o
 .debug_aranges
                0x00000000000002c0       0x30 ./system/src/newlib/_syscalls.o
 .debug_aranges
                0x00000000000002f0       0x28 ./system/src/newlib/assert.o
 .debug_aranges
                0x0000000000000318       0x38 ./system/src/diag/Trace.o
 .debug_aranges
                0x0000000000000350       0x30 ./system/src/diag/trace_impl.o
 .debug_aranges
                0x0000000000000380       0x28 ./system/src/cortexm/_initialize_hardware.o
 .debug_aranges
                0x00000000000003a8       0x90 ./system/src/cortexm/exception_handlers.o
 .debug_aranges
                0x0000000000000438       0x28 ./system/src/cmsis/system_stm32f4xx.o
 .debug_aranges
                0x0000000000000460       0x20 ./system/src/cmsis/vectors_stm32f407xx.o
 .debug_aranges
                0x0000000000000480       0x20 ./src/BlinkLed.o
 .debug_aranges
                0x00000000000004a0       0x38 ./src/Timer.o
 .debug_aranges
                0x00000000000004d8       0x28 ./src/_initialize_hardware.o
 .debug_aranges
                0x0000000000000500       0x20 ./src/main.o
 .debug_aranges
                0x0000000000000520       0x38 ./src/stm32f4xx_hal_msp.o

.debug_pubnames
 *(.debug_pubnames)

.debug_info     0x0000000000000000     0x69c7
 *(.debug_info .gnu.linkonce.wi.*)
 .debug_info    0x0000000000000000      0x92c ./system/src/stm32f4-hal/stm32f4xx_hal.o
 .debug_info    0x000000000000092c     0x1175 ./system/src/stm32f4-hal/stm32f4xx_hal_cortex.o
 .debug_info    0x0000000000001aa1      0x87d ./system/src/stm32f4-hal/stm32f4xx_hal_gpio.o
 .debug_info    0x000000000000231e      0xfc8 ./system/src/stm32f4-hal/stm32f4xx_hal_rcc.o
 .debug_info    0x00000000000032e6      0x104 ./system/src/newlib/_exit.o
 .debug_info    0x00000000000033ea      0x10f ./system/src/newlib/_sbrk.o
 .debug_info    0x00000000000034f9      0x54f ./system/src/newlib/_startup.o
 .debug_info    0x0000000000003a48      0x1c3 ./system/src/newlib/_syscalls.o
 .debug_info    0x0000000000003c0b      0x1bb ./system/src/newlib/assert.o
 .debug_info    0x0000000000003dc6      0x34b ./system/src/diag/Trace.o
 .debug_info    0x0000000000004111      0x319 ./system/src/diag/trace_impl.o
 .debug_info    0x000000000000442a      0x27f ./system/src/cortexm/_initialize_hardware.o
 .debug_info    0x00000000000046a9      0x91e ./system/src/cortexm/exception_handlers.o
 .debug_info    0x0000000000004fc7      0x4e7 ./system/src/cmsis/system_stm32f4xx.o
 .debug_info    0x00000000000054ae      0x10b ./system/src/cmsis/vectors_stm32f407xx.o
 .debug_info    0x00000000000055b9      0x3e5 ./src/BlinkLed.o
 .debug_info    0x000000000000599e      0x70b ./src/Timer.o
 .debug_info    0x00000000000060a9      0x510 ./src/_initialize_hardware.o
 .debug_info    0x00000000000065b9      0x34f ./src/main.o
 .debug_info    0x0000000000006908       0xbf ./src/stm32f4xx_hal_msp.o

.debug_abbrev   0x0000000000000000     0x21d1
 *(.debug_abbrev)
 .debug_abbrev  0x0000000000000000      0x277 ./system/src/stm32f4-hal/stm32f4xx_hal.o
 .debug_abbrev  0x0000000000000277      0x39a ./system/src/stm32f4-hal/stm32f4xx_hal_cortex.o
 .debug_abbrev  0x0000000000000611      0x23f ./system/src/stm32f4-hal/stm32f4xx_hal_gpio.o
 .debug_abbrev  0x0000000000000850      0x350 ./system/src/stm32f4-hal/stm32f4xx_hal_rcc.o
 .debug_abbrev  0x0000000000000ba0       0xc5 ./system/src/newlib/_exit.o
 .debug_abbrev  0x0000000000000c65       0xcc ./system/src/newlib/_sbrk.o
 .debug_abbrev  0x0000000000000d31      0x25a ./system/src/newlib/_startup.o
 .debug_abbrev  0x0000000000000f8b      0x118 ./system/src/newlib/_syscalls.o
 .debug_abbrev  0x00000000000010a3       0xf2 ./system/src/newlib/assert.o
 .debug_abbrev  0x0000000000001195      0x184 ./system/src/diag/Trace.o
 .debug_abbrev  0x0000000000001319      0x1e6 ./system/src/diag/trace_impl.o
 .debug_abbrev  0x00000000000014ff      0x105 ./system/src/cortexm/_initialize_hardware.o
 .debug_abbrev  0x0000000000001604      0x28c ./system/src/cortexm/exception_handlers.o
 .debug_abbrev  0x0000000000001890      0x132 ./system/src/cmsis/system_stm32f4xx.o
 .debug_abbrev  0x00000000000019c2       0xb8 ./system/src/cmsis/vectors_stm32f407xx.o
 .debug_abbrev  0x0000000000001a7a      0x17c ./src/BlinkLed.o
 .debug_abbrev  0x0000000000001bf6      0x1f6 ./src/Timer.o
 .debug_abbrev  0x0000000000001dec      0x1dc ./src/_initialize_hardware.o
 .debug_abbrev  0x0000000000001fc8      0x1c2 ./src/main.o
 .debug_abbrev  0x000000000000218a       0x47 ./src/stm32f4xx_hal_msp.o

.debug_line     0x0000000000000000     0xcbec
 *(.debug_line)
 .debug_line    0x0000000000000000      0xd56 ./system/src/stm32f4-hal/stm32f4xx_hal.o
 .debug_line    0x0000000000000d56     0x108a ./system/src/stm32f4-hal/stm32f4xx_hal_cortex.o
 .debug_line    0x0000000000001de0     0x10b8 ./system/src/stm32f4-hal/stm32f4xx_hal_gpio.o
 .debug_line    0x0000000000002e98     0x1617 ./system/src/stm32f4-hal/stm32f4xx_hal_rcc.o
 .debug_line    0x00000000000044af      0x3e7 ./system/src/newlib/_exit.o
 .debug_line    0x0000000000004896      0x3d8 ./system/src/newlib/_sbrk.o
 .debug_line    0x0000000000004c6e      0x662 ./system/src/newlib/_startup.o
 .debug_line    0x00000000000052d0      0x509 ./system/src/newlib/_syscalls.o
 .debug_line    0x00000000000057d9      0x42a ./system/src/newlib/assert.o
 .debug_line    0x0000000000005c03      0x4c1 ./system/src/diag/Trace.o
 .debug_line    0x00000000000060c4      0xc12 ./system/src/diag/trace_impl.o
 .debug_line    0x0000000000006cd6      0xb0a ./system/src/cortexm/_initialize_hardware.o
 .debug_line    0x00000000000077e0      0xe44 ./system/src/cortexm/exception_handlers.o
 .debug_line    0x0000000000008624      0xbcb ./system/src/cmsis/system_stm32f4xx.o
 .debug_line    0x00000000000091ef      0x139 ./system/src/cmsis/vectors_stm32f407xx.o
 .debug_line    0x0000000000009328      0xb04 ./src/BlinkLed.o
 .debug_line    0x0000000000009e2c      0xbbb ./src/Timer.o
 .debug_line    0x000000000000a9e7      0xb6b ./src/_initialize_hardware.o
 .debug_line    0x000000000000b552      0xb9f ./src/main.o
 .debug_line    0x000000000000c0f1      0xafb ./src/stm32f4xx_hal_msp.o

.debug_frame    0x0000000000000000      0xad0
 *(.debug_frame)
 .debug_frame   0x0000000000000000      0x188 ./system/src/stm32f4-hal/stm32f4xx_hal.o
 .debug_frame   0x0000000000000188      0x17c ./system/src/stm32f4-hal/stm32f4xx_hal_cortex.o
 .debug_frame   0x0000000000000304       0xfc ./system/src/stm32f4-hal/stm32f4xx_hal_gpio.o
 .debug_frame   0x0000000000000400      0x13c ./system/src/stm32f4-hal/stm32f4xx_hal_rcc.o
 .debug_frame   0x000000000000053c       0x38 ./system/src/newlib/_exit.o
 .debug_frame   0x0000000000000574       0x28 ./system/src/newlib/_sbrk.o
 .debug_frame   0x000000000000059c       0x7c ./system/src/newlib/_startup.o
 .debug_frame   0x0000000000000618       0x50 ./system/src/newlib/_syscalls.o
 .debug_frame   0x0000000000000668       0x40 ./system/src/newlib/assert.o
 .debug_frame   0x00000000000006a8       0x94 ./system/src/diag/Trace.o
 .debug_frame   0x000000000000073c       0x64 ./system/src/diag/trace_impl.o
 .debug_frame   0x00000000000007a0       0x40 ./system/src/cortexm/_initialize_hardware.o
 .debug_frame   0x00000000000007e0      0x158 ./system/src/cortexm/exception_handlers.o
 .debug_frame   0x0000000000000938       0x30 ./system/src/cmsis/system_stm32f4xx.o
 .debug_frame   0x0000000000000968       0x20 ./system/src/cmsis/vectors_stm32f407xx.o
 .debug_frame   0x0000000000000988       0x30 ./src/BlinkLed.o
 .debug_frame   0x00000000000009b8       0x58 ./src/Timer.o
 .debug_frame   0x0000000000000a10       0x48 ./src/_initialize_hardware.o
 .debug_frame   0x0000000000000a58       0x28 ./src/main.o
 .debug_frame   0x0000000000000a80       0x50 ./src/stm32f4xx_hal_msp.o

.debug_str      0x0000000000000000    0x9b781
 *(.debug_str)
 .debug_str     0x0000000000000000    0x97502 ./system/src/stm32f4-hal/stm32f4xx_hal.o
                                      0x978d4 (size before relaxing)
 .debug_str     0x0000000000097502      0x383 ./system/src/stm32f4-hal/stm32f4xx_hal_cortex.o
                                      0x9773e (size before relaxing)
 .debug_str     0x0000000000097885      0x2dd ./system/src/stm32f4-hal/stm32f4xx_hal_gpio.o
                                      0x97147 (size before relaxing)
 .debug_str     0x0000000000097b62      0x393 ./system/src/stm32f4-hal/stm32f4xx_hal_rcc.o
                                      0x972e5 (size before relaxing)
 .debug_str     0x0000000000097ef5     0x10cf ./system/src/newlib/_exit.o
                                       0x7710 (size before relaxing)
 .debug_str     0x0000000000098fc4      0x4de ./system/src/newlib/_sbrk.o
                                       0x6af1 (size before relaxing)
 .debug_str     0x00000000000994a2      0x2cc ./system/src/newlib/_startup.o
                                       0x64a1 (size before relaxing)
 .debug_str     0x000000000009976e     0x1505 ./system/src/newlib/_syscalls.o
                                       0x803e (size before relaxing)
 .debug_str     0x000000000009ac73       0xd5 ./system/src/newlib/assert.o
                                       0x8215 (size before relaxing)
 .debug_str     0x000000000009ad48      0x17f ./system/src/diag/Trace.o
                                       0x7ea7 (size before relaxing)
 .debug_str     0x000000000009aec7      0x372 ./system/src/diag/trace_impl.o
                                      0x9802e (size before relaxing)
 .debug_str     0x000000000009b239       0x5e ./system/src/cortexm/_initialize_hardware.o
                                      0x96df6 (size before relaxing)
 .debug_str     0x000000000009b297      0x19d ./system/src/cortexm/exception_handlers.o
                                      0x981c5 (size before relaxing)
 .debug_str     0x000000000009b434       0x46 ./system/src/cmsis/system_stm32f4xx.o
                                      0x96ed5 (size before relaxing)
 .debug_str     0x000000000009b47a       0x59 ./system/src/cmsis/vectors_stm32f407xx.o
                                       0x39b2 (size before relaxing)
 .debug_str     0x000000000009b4d3      0x12f ./src/BlinkLed.o
                                      0x96fc2 (size before relaxing)
 .debug_str     0x000000000009b602       0x76 ./src/Timer.o
                                      0x973fd (size before relaxing)
 .debug_str     0x000000000009b678       0x31 ./src/_initialize_hardware.o
                                      0x97013 (size before relaxing)
 .debug_str     0x000000000009b6a9       0x9b ./src/main.o
                                      0x98034 (size before relaxing)
 .debug_str     0x000000000009b744       0x3d ./src/stm32f4xx_hal_msp.o
                                      0x96d35 (size before relaxing)

.debug_loc
 *(.debug_loc)

.debug_macinfo
 *(.debug_macinfo)

.debug_weaknames
 *(.debug_weaknames)

.debug_funcnames
 *(.debug_funcnames)

.debug_typenames
 *(.debug_typenames)

.debug_varnames
 *(.debug_varnames)
OUTPUT(demo.elf elf32-littlearm)
LOAD linker stubs

.debug_loclists
                0x0000000000000000     0x185e
 .debug_loclists
                0x0000000000000000       0x89 ./system/src/stm32f4-hal/stm32f4xx_hal.o
 .debug_loclists
                0x0000000000000089      0x584 ./system/src/stm32f4-hal/stm32f4xx_hal_cortex.o
 .debug_loclists
                0x000000000000060d      0x3ed ./system/src/stm32f4-hal/stm32f4xx_hal_gpio.o
 .debug_loclists
                0x00000000000009fa      0x4d4 ./system/src/stm32f4-hal/stm32f4xx_hal_rcc.o
 .debug_loclists
                0x0000000000000ece       0x17 ./system/src/newlib/_exit.o
 .debug_loclists
                0x0000000000000ee5       0x69 ./system/src/newlib/_sbrk.o
 .debug_loclists
                0x0000000000000f4e      0x2b7 ./system/src/newlib/_startup.o
 .debug_loclists
                0x0000000000001205       0x51 ./system/src/newlib/_syscalls.o
 .debug_loclists
                0x0000000000001256       0xed ./system/src/newlib/assert.o
 .debug_loclists
                0x0000000000001343       0xb2 ./system/src/diag/Trace.o
 .debug_loclists
                0x00000000000013f5       0xf5 ./system/src/diag/trace_impl.o
 .debug_loclists
                0x00000000000014ea      0x203 ./system/src/cortexm/exception_handlers.o
 .debug_loclists
                0x00000000000016ed       0xdb ./system/src/cmsis/system_stm32f4xx.o
 .debug_loclists
                0x00000000000017c8       0x47 ./src/Timer.o
 .debug_loclists
                0x000000000000180f       0x4f ./src/main.o

.debug_rnglists
                0x0000000000000000      0x417
 .debug_rnglists
                0x0000000000000000       0x8b ./system/src/stm32f4-hal/stm32f4xx_hal.o
 .debug_rnglists
                0x000000000000008b       0x9f ./system/src/stm32f4-hal/stm32f4xx_hal_cortex.o
 .debug_rnglists
                0x000000000000012a       0x3f ./system/src/stm32f4-hal/stm32f4xx_hal_gpio.o
 .debug_rnglists
                0x0000000000000169       0x66 ./system/src/stm32f4-hal/stm32f4xx_hal_rcc.o
 .debug_rnglists
                0x00000000000001cf       0x19 ./system/src/newlib/_exit.o
 .debug_rnglists
                0x00000000000001e8       0x13 ./system/src/newlib/_sbrk.o
 .debug_rnglists
                0x00000000000001fb       0x50 ./system/src/newlib/_startup.o
 .debug_rnglists
                0x000000000000024b       0x1f ./system/src/newlib/_syscalls.o
 .debug_rnglists
                0x000000000000026a       0x19 ./system/src/newlib/assert.o
 .debug_rnglists
                0x0000000000000283       0x25 ./system/src/diag/Trace.o
 .debug_rnglists
                0x00000000000002a8       0x2b ./system/src/diag/trace_impl.o
 .debug_rnglists
                0x00000000000002d3       0x19 ./system/src/cortexm/_initialize_hardware.o
 .debug_rnglists
                0x00000000000002ec       0x74 ./system/src/cortexm/exception_handlers.o
 .debug_rnglists
                0x0000000000000360       0x1a ./system/src/cmsis/system_stm32f4xx.o
 .debug_rnglists
                0x000000000000037a       0x13 ./system/src/cmsis/vectors_stm32f407xx.o
 .debug_rnglists
                0x000000000000038d       0x13 ./src/BlinkLed.o
 .debug_rnglists
                0x00000000000003a0       0x25 ./src/Timer.o
 .debug_rnglists
                0x00000000000003c5       0x1a ./src/_initialize_hardware.o
 .debug_rnglists
                0x00000000000003df       0x13 ./src/main.o
 .debug_rnglists
                0x00000000000003f2       0x25 ./src/stm32f4xx_hal_msp.o

.debug_macro    0x0000000000000000    0x1cb00
 .debug_macro   0x0000000000000000      0x552 ./system/src/stm32f4-hal/stm32f4xx_hal.o
 .debug_macro   0x0000000000000552      0xaae ./system/src/stm32f4-hal/stm32f4xx_hal.o
 .debug_macro   0x0000000000001000      0x289 ./system/src/stm32f4-hal/stm32f4xx_hal.o
 .debug_macro   0x0000000000001289       0x31 ./system/src/stm32f4-hal/stm32f4xx_hal.o
 .debug_macro   0x00000000000012ba       0x28 ./system/src/stm32f4-hal/stm32f4xx_hal.o
 .debug_macro   0x00000000000012e2      0x34e ./system/src/stm32f4-hal/stm32f4xx_hal.o
 .debug_macro   0x0000000000001630       0x35 ./system/src/stm32f4-hal/stm32f4xx_hal.o
 .debug_macro   0x0000000000001665       0x50 ./system/src/stm32f4-hal/stm32f4xx_hal.o
 .debug_macro   0x00000000000016b5      0xe66 ./system/src/stm32f4-hal/stm32f4xx_hal.o
 .debug_macro   0x000000000000251b     0x93f9 ./system/src/stm32f4-hal/stm32f4xx_hal.o
 .debug_macro   0x000000000000b914       0x43 ./system/src/stm32f4-hal/stm32f4xx_hal.o
 .debug_macro   0x000000000000b957     0x347f ./system/src/stm32f4-hal/stm32f4xx_hal.o
 .debug_macro   0x000000000000edd6       0x22 ./system/src/stm32f4-hal/stm32f4xx_hal.o
 .debug_macro   0x000000000000edf8       0x58 ./system/src/stm32f4-hal/stm32f4xx_hal.o
 .debug_macro   0x000000000000ee50       0x18 ./system/src/stm32f4-hal/stm32f4xx_hal.o
 .debug_macro   0x000000000000ee68       0x94 ./system/src/stm32f4-hal/stm32f4xx_hal.o
 .debug_macro   0x000000000000eefc       0x35 ./system/src/stm32f4-hal/stm32f4xx_hal.o
 .debug_macro   0x000000000000ef31       0x34 ./system/src/stm32f4-hal/stm32f4xx_hal.o
 .debug_macro   0x000000000000ef65       0x16 ./system/src/stm32f4-hal/stm32f4xx_hal.o
 .debug_macro   0x000000000000ef7b       0x57 ./system/src/stm32f4-hal/stm32f4xx_hal.o
 .debug_macro   0x000000000000efd2       0x97 ./system/src/stm32f4-hal/stm32f4xx_hal.o
 .debug_macro   0x000000000000f069      0x341 ./system/src/stm32f4-hal/stm32f4xx_hal.o
 .debug_macro   0x000000000000f3aa       0xfd ./system/src/stm32f4-hal/stm32f4xx_hal.o
 .debug_macro   0x000000000000f4a7       0x10 ./system/src/stm32f4-hal/stm32f4xx_hal.o
 .debug_macro   0x000000000000f4b7       0x16 ./system/src/stm32f4-hal/stm32f4xx_hal.o
 .debug_macro   0x000000000000f4cd       0x43 ./system/src/stm32f4-hal/stm32f4xx_hal.o
 .debug_macro   0x000000000000f510       0x34 ./system/src/stm32f4-hal/stm32f4xx_hal.o
 .debug_macro   0x000000000000f544       0x10 ./system/src/stm32f4-hal/stm32f4xx_hal.o
 .debug_macro   0x000000000000f554       0x52 ./system/src/stm32f4-hal/stm32f4xx_hal.o
 .debug_macro   0x000000000000f5a6      0x182 ./system/src/stm32f4-hal/stm32f4xx_hal.o
 .debug_macro   0x000000000000f728       0x10 ./system/src/stm32f4-hal/stm32f4xx_hal.o
 .debug_macro   0x000000000000f738       0x6a ./system/src/stm32f4-hal/stm32f4xx_hal.o
 .debug_macro   0x000000000000f7a2       0x1c ./system/src/stm32f4-hal/stm32f4xx_hal.o
 .debug_macro   0x000000000000f7be       0x52 ./system/src/stm32f4-hal/stm32f4xx_hal.o
 .debug_macro   0x000000000000f810       0x22 ./system/src/stm32f4-hal/stm32f4xx_hal.o
 .debug_macro   0x000000000000f832       0x10 ./system/src/stm32f4-hal/stm32f4xx_hal.o
 .debug_macro   0x000000000000f842       0x52 ./system/src/stm32f4-hal/stm32f4xx_hal.o
 .debug_macro   0x000000000000f894       0xd5 ./system/src/stm32f4-hal/stm32f4xx_hal.o
 .debug_macro   0x000000000000f969       0x1c ./system/src/stm32f4-hal/stm32f4xx_hal.o
 .debug_macro   0x000000000000f985       0x3d ./system/src/stm32f4-hal/stm32f4xx_hal.o
 .debug_macro   0x000000000000f9c2       0x16 ./system/src/stm32f4-hal/stm32f4xx_hal.o
 .debug_macro   0x000000000000f9d8      0x16f ./system/src/stm32f4-hal/stm32f4xx_hal.o
 .debug_macro   0x000000000000fb47       0x57 ./system/src/stm32f4-hal/stm32f4xx_hal.o
 .debug_macro   0x000000000000fb9e      0x964 ./system/src/stm32f4-hal/stm32f4xx_hal.o
 .debug_macro   0x0000000000010502      0x9e1 ./system/src/stm32f4-hal/stm32f4xx_hal.o
 .debug_macro   0x0000000000010ee3      0x11e ./system/src/stm32f4-hal/stm32f4xx_hal.o
 .debug_macro   0x0000000000011001      0x13e ./system/src/stm32f4-hal/stm32f4xx_hal.o
 .debug_macro   0x000000000001113f       0x27 ./system/src/stm32f4-hal/stm32f4xx_hal.o
 .debug_macro   0x0000000000011166      0x287 ./system/src/stm32f4-hal/stm32f4xx_hal.o
 .debug_macro   0x00000000000113ed       0x5f ./system/src/stm32f4-hal/stm32f4xx_hal.o
 .debug_macro   0x000000000001144c      0x23a ./system/src/stm32f4-hal/stm32f4xx_hal.o
 .debug_macro   0x0000000000011686      0x391 ./system/src/stm32f4-hal/stm32f4xx_hal.o
 .debug_macro   0x0000000000011a17      0x16f ./system/src/stm32f4-hal/stm32f4xx_hal.o
 .debug_macro   0x0000000000011b86       0xf9 ./system/src/stm32f4-hal/stm32f4xx_hal.o
 .debug_macro   0x0000000000011c7f      0x36e ./system/src/stm32f4-hal/stm32f4xx_hal.o
 .debug_macro   0x0000000000011fed       0x23 ./system/src/stm32f4-hal/stm32f4xx_hal.o
 .debug_macro   0x0000000000012010       0xe6 ./system/src/stm32f4-hal/stm32f4xx_hal.o
 .debug_macro   0x00000000000120f6       0xa1 ./system/src/stm32f4-hal/stm32f4xx_hal.o
 .debug_macro   0x0000000000012197       0x3c ./system/src/stm32f4-hal/stm32f4xx_hal.o
 .debug_macro   0x00000000000121d3       0x1f ./system/src/stm32f4-hal/stm32f4xx_hal.o
 .debug_macro   0x00000000000121f2      0x1cd ./system/src/stm32f4-hal/stm32f4xx_hal.o
 .debug_macro   0x00000000000123bf      0xcd6 ./system/src/stm32f4-hal/stm32f4xx_hal.o
 .debug_macro   0x0000000000013095      0x13a ./system/src/stm32f4-hal/stm32f4xx_hal.o
 .debug_macro   0x00000000000131cf      0x21e ./system/src/stm32f4-hal/stm32f4xx_hal.o
 .debug_macro   0x00000000000133ed       0x2e ./system/src/stm32f4-hal/stm32f4xx_hal.o
 .debug_macro   0x000000000001341b      0x543 ./system/src/stm32f4-hal/stm32f4xx_hal.o
 .debug_macro   0x000000000001395e       0x88 ./system/src/stm32f4-hal/stm32f4xx_hal.o
 .debug_macro   0x00000000000139e6       0xd5 ./system/src/stm32f4-hal/stm32f4xx_hal.o
 .debug_macro   0x0000000000013abb      0x183 ./system/src/stm32f4-hal/stm32f4xx_hal.o
 .debug_macro   0x0000000000013c3e      0x1a7 ./system/src/stm32f4-hal/stm32f4xx_hal.o
 .debug_macro   0x0000000000013de5       0xa5 ./system/src/stm32f4-hal/stm32f4xx_hal.o
 .debug_macro   0x0000000000013e8a      0x18b ./system/src/stm32f4-hal/stm32f4xx_hal.o
 .debug_macro   0x0000000000014015       0x24 ./system/src/stm32f4-hal/stm32f4xx_hal.o
 .debug_macro   0x0000000000014039       0x35 ./system/src/stm32f4-hal/stm32f4xx_hal.o
 .debug_macro   0x000000000001406e       0x79 ./system/src/stm32f4-hal/stm32f4xx_hal.o
 .debug_macro   0x00000000000140e7      0x11e ./system/src/stm32f4-hal/stm32f4xx_hal.o
 .debug_macro   0x0000000000014205       0x7f ./system/src/stm32f4-hal/stm32f4xx_hal.o
 .debug_macro   0x0000000000014284       0x89 ./system/src/stm32f4-hal/stm32f4xx_hal.o
 .debug_macro   0x000000000001430d       0x7e ./system/src/stm32f4-hal/stm32f4xx_hal.o
 .debug_macro   0x000000000001438b      0x31a ./system/src/stm32f4-hal/stm32f4xx_hal.o
 .debug_macro   0x00000000000146a5      0x409 ./system/src/stm32f4-hal/stm32f4xx_hal.o
 .debug_macro   0x0000000000014aae       0xe4 ./system/src/stm32f4-hal/stm32f4xx_hal.o
 .debug_macro   0x0000000000014b92      0x48d ./system/src/stm32f4-hal/stm32f4xx_hal.o
 .debug_macro   0x000000000001501f      0x22b ./system/src/stm32f4-hal/stm32f4xx_hal.o
 .debug_macro   0x000000000001524a      0x202 ./system/src/stm32f4-hal/stm32f4xx_hal.o
 .debug_macro   0x000000000001544c      0x6d9 ./system/src/stm32f4-hal/stm32f4xx_hal.o
 .debug_macro   0x0000000000015b25       0x5b ./system/src/stm32f4-hal/stm32f4xx_hal.o
 .debug_macro   0x0000000000015b80      0x14d ./system/src/stm32f4-hal/stm32f4xx_hal.o
 .debug_macro   0x0000000000015ccd      0x287 ./system/src/stm32f4-hal/stm32f4xx_hal.o
 .debug_macro   0x0000000000015f54      0x225 ./system/src/stm32f4-hal/stm32f4xx_hal.o
 .debug_macro   0x0000000000016179      0x1b5 ./system/src/stm32f4-hal/stm32f4xx_hal.o
 .debug_macro   0x000000000001632e      0x2db ./system/src/stm32f4-hal/stm32f4xx_hal.o
 .debug_macro   0x0000000000016609       0x89 ./system/src/stm32f4-hal/stm32f4xx_hal.o
 .debug_macro   0x0000000000016692      0x1df ./system/src/stm32f4-hal/stm32f4xx_hal.o
 .debug_macro   0x0000000000016871      0x115 ./system/src/stm32f4-hal/stm32f4xx_hal.o
 .debug_macro   0x0000000000016986       0x6e ./system/src/stm32f4-hal/stm32f4xx_hal.o
 .debug_macro   0x00000000000169f4      0x125 ./system/src/stm32f4-hal/stm32f4xx_hal.o
 .debug_macro   0x0000000000016b19      0x504 ./system/src/stm32f4-hal/stm32f4xx_hal_cortex.o
 .debug_macro   0x000000000001701d      0x53c ./system/src/stm32f4-hal/stm32f4xx_hal_gpio.o
 .debug_macro   0x0000000000017559      0x52e ./system/src/stm32f4-hal/stm32f4xx_hal_rcc.o
 .debug_macro   0x0000000000017a87      0x1ae ./system/src/newlib/_exit.o
 .debug_macro   0x0000000000017c35      0x10e ./system/src/newlib/_exit.o
 .debug_macro   0x0000000000017d43       0x8d ./system/src/newlib/_exit.o
 .debug_macro   0x0000000000017dd0       0x35 ./system/src/newlib/_exit.o
 .debug_macro   0x0000000000017e05      0x163 ./system/src/newlib/_sbrk.o
 .debug_macro   0x0000000000017f68      0x174 ./system/src/newlib/_sbrk.o
 .debug_macro   0x00000000000180dc       0x10 ./system/src/newlib/_sbrk.o
 .debug_macro   0x00000000000180ec      0x23b ./system/src/newlib/_sbrk.o
 .debug_macro   0x0000000000018327      0x15f ./system/src/newlib/_startup.o
 .debug_macro   0x0000000000018486      0xab4 ./system/src/newlib/_startup.o
 .debug_macro   0x0000000000018f3a      0x220 ./system/src/newlib/_syscalls.o
 .debug_macro   0x000000000001915a       0x1c ./system/src/newlib/_syscalls.o
 .debug_macro   0x0000000000019176       0x10 ./system/src/newlib/_syscalls.o
 .debug_macro   0x0000000000019186       0x10 ./system/src/newlib/_syscalls.o
 .debug_macro   0x0000000000019196       0x10 ./system/src/newlib/_syscalls.o
 .debug_macro   0x00000000000191a6       0x35 ./system/src/newlib/_syscalls.o
 .debug_macro   0x00000000000191db      0x12c ./system/src/newlib/_syscalls.o
 .debug_macro   0x0000000000019307       0xce ./system/src/newlib/_syscalls.o
 .debug_macro   0x00000000000193d5       0x7c ./system/src/newlib/_syscalls.o
 .debug_macro   0x0000000000019451       0x17 ./system/src/newlib/_syscalls.o
 .debug_macro   0x0000000000019468      0x118 ./system/src/newlib/_syscalls.o
 .debug_macro   0x0000000000019580      0x189 ./system/src/newlib/_syscalls.o
 .debug_macro   0x0000000000019709       0x16 ./system/src/newlib/_syscalls.o
 .debug_macro   0x000000000001971f      0x1ca ./system/src/newlib/assert.o
 .debug_macro   0x00000000000198e9       0x1c ./system/src/newlib/assert.o
 .debug_macro   0x0000000000019905      0x1f5 ./system/src/diag/Trace.o
 .debug_macro   0x0000000000019afa       0x4c ./system/src/diag/Trace.o
 .debug_macro   0x0000000000019b46       0x16 ./system/src/diag/Trace.o
 .debug_macro   0x0000000000019b5c      0x54a ./system/src/diag/trace_impl.o
 .debug_macro   0x000000000001a0a6       0x22 ./system/src/diag/trace_impl.o
 .debug_macro   0x000000000001a0c8      0x50e ./system/src/cortexm/_initialize_hardware.o
 .debug_macro   0x000000000001a5d6      0x577 ./system/src/cortexm/exception_handlers.o
 .debug_macro   0x000000000001ab4d       0x3b ./system/src/cortexm/exception_handlers.o
 .debug_macro   0x000000000001ab88      0x50a ./system/src/cmsis/system_stm32f4xx.o
 .debug_macro   0x000000000001b092       0x34 ./system/src/cmsis/vectors_stm32f407xx.o
 .debug_macro   0x000000000001b0c6      0x513 ./src/BlinkLed.o
 .debug_macro   0x000000000001b5d9       0x28 ./src/BlinkLed.o
 .debug_macro   0x000000000001b601      0x527 ./src/Timer.o
 .debug_macro   0x000000000001bb28       0x10 ./src/Timer.o
 .debug_macro   0x000000000001bb38      0x504 ./src/_initialize_hardware.o
 .debug_macro   0x000000000001c03c      0x592 ./src/main.o
 .debug_macro   0x000000000001c5ce       0x2e ./src/main.o
 .debug_macro   0x000000000001c5fc      0x504 ./src/stm32f4xx_hal_msp.o
